// Jest Snapshot v1, https://goo.gl/fbAQLP

exports[`ProductContainer ProductContainer should renders 1`] = `ShallowWrapper {}`;

exports[`ProductContainer snapshot renders 1`] = `ShallowWrapper {}`;
