// Jest Snapshot v1, https://goo.gl/fbAQLP

exports[`<SearchHeader> should should render  1`] = `ShallowWrapper {}`;
