// Jest Snapshot v1, https://goo.gl/fbAQLP

exports[`<SearchHeader> should should render app component 1`] = `ShallowWrapper {}`;

exports[`renders the component 1`] = `ShallowWrapper {}`;
